Identifier("let")
WhiteSpace(" ")
Identifier("x")
WhiteSpace(" ")
Equal("=")
WhiteSpace(" ")
Number("42")
WhiteSpace(" ")
Plus("+")
WhiteSpace(" ")
Number("5")
WhiteSpace(" ")
Button("button")
WhiteSpace(" ")
LeftParen("(")
RightParen(")")
WhiteSpace(" ")
Equal("=")
Equal("=")
WhiteSpace(" ")
Identifier("aa")