Token { token_type: Initialize, lexeme: "let", line: 1 }
Token { token_type: WhiteSpace, lexeme: " ", line: 1 }
Token { token_type: Identifier, lexeme: "x", line: 1 }
Token { token_type: WhiteSpace, lexeme: " ", line: 1 }
Token { token_type: Equal, lexeme: "=", line: 1 }
Token { token_type: WhiteSpace, lexeme: " ", line: 1 }
Token { token_type: Number, lexeme: "42", line: 1 }
Token { token_type: WhiteSpace, lexeme: " ", line: 1 }
Token { token_type: Plus, lexeme: "+", line: 1 }
Token { token_type: WhiteSpace, lexeme: " ", line: 1 }
Token { token_type: Number, lexeme: "5", line: 1 }
